// Jest Snapshot v1, https://goo.gl/fbAQLP

exports[`Should render MoviesList 1`] = `
<div
  className="catalog__movies-list"
>
  <article
    className="small-movie-card catalog__movies-card"
    onClick={[Function]}
    onMouseEnter={[Function]}
    onMouseLeave={[Function]}
  >
    <div
      className="small-movie-card__image"
    >
      <img
        alt="The Grand Budapest Hotel"
        height="175"
        src="img/fantastic-beasts-the-crimes-of-grindelwald.jpg"
        width="280"
      />
      <h3
        className="small-movie-card__title"
      >
        <a
          className="small-movie-card__link"
        >
          The Grand Budapest Hotel
        </a>
      </h3>
    </div>
  </article>
  <article
    className="small-movie-card catalog__movies-card"
    onClick={[Function]}
    onMouseEnter={[Function]}
    onMouseLeave={[Function]}
  >
    <div
      className="small-movie-card__image"
    >
      <img
        alt="Fantastic Beasts: The Crimes of Grindelwald"
        height="175"
        src="img/fantastic-beasts-the-crimes-of-grindelwald.jpg"
        width="280"
      />
      <h3
        className="small-movie-card__title"
      >
        <a
          className="small-movie-card__link"
        >
          Fantastic Beasts: The Crimes of Grindelwald
        </a>
      </h3>
    </div>
  </article>
  <article
    className="small-movie-card catalog__movies-card"
    onClick={[Function]}
    onMouseEnter={[Function]}
    onMouseLeave={[Function]}
  >
    <div
      className="small-movie-card__image"
    >
      <img
        alt="Bohemian Rhapsody"
        height="175"
        src="img/fantastic-beasts-the-crimes-of-grindelwald.jpg"
        width="280"
      />
      <h3
        className="small-movie-card__title"
      >
        <a
          className="small-movie-card__link"
        >
          Bohemian Rhapsody
        </a>
      </h3>
    </div>
  </article>
</div>
`;
