// Jest Snapshot v1, https://goo.gl/fbAQLP

exports[`Should render App 1`] = `null`;
