// Jest Snapshot v1, https://goo.gl/fbAQLP

exports[`Should render VideoPlayer 1`] = `
<video
  className="player__video"
  muted={false}
  poster="img/fantastic-beasts-the-crimes-of-grindelwald.jpg"
  src="#"
/>
`;
